This is pdfTeX, Version 3.141592653-2.6-1.40.29 (TeX Live 2026) (preloaded format=pdflatex)
 restricted \write18 enabled.
entering extended mode
(./report.tex
LaTeX2e <2025-11-01>
L3 programming layer <2026-01-19>
(/usr/local/texlive/2026/texmf-dist/tex/latex/base/article.cls
Document Class: article 2025/01/22 v1.4n Standard LaTeX document class
(/usr/local/texlive/2026/texmf-dist/tex/latex/base/size12.clo))
(/usr/local/texlive/2026/texmf-dist/tex/latex/geometry/geometry.sty
(/usr/local/texlive/2026/texmf-dist/tex/latex/graphics/keyval.sty)
(/usr/local/texlive/2026/texmf-dist/tex/generic/iftex/ifvtex.sty
(/usr/local/texlive/2026/texmf-dist/tex/generic/iftex/iftex.sty)))
(/usr/local/texlive/2026/texmf-dist/tex/latex/graphics/graphicx.sty
(/usr/local/texlive/2026/texmf-dist/tex/latex/graphics/graphics.sty
(/usr/local/texlive/2026/texmf-dist/tex/latex/graphics/trig.sty)
(/usr/local/texlive/2026/texmf-dist/tex/latex/graphics-cfg/graphics.cfg)
(/usr/local/texlive/2026/texmf-dist/tex/latex/graphics-def/pdftex.def)))
(/usr/local/texlive/2026/texmf-dist/tex/latex/hyperref/hyperref.sty
(/usr/local/texlive/2026/texmf-dist/tex/latex/kvsetkeys/kvsetkeys.sty)
(/usr/local/texlive/2026/texmf-dist/tex/generic/kvdefinekeys/kvdefinekeys.sty)
(/usr/local/texlive/2026/texmf-dist/tex/generic/pdfescape/pdfescape.sty
(/usr/local/texlive/2026/texmf-dist/tex/generic/ltxcmds/ltxcmds.sty)
(/usr/local/texlive/2026/texmf-dist/tex/generic/pdftexcmds/pdftexcmds.sty
(/usr/local/texlive/2026/texmf-dist/tex/generic/infwarerr/infwarerr.sty)))
(/usr/local/texlive/2026/texmf-dist/tex/latex/hycolor/hycolor.sty)
(/usr/local/texlive/2026/texmf-dist/tex/latex/hyperref/nameref.sty
(/usr/local/texlive/2026/texmf-dist/tex/latex/refcount/refcount.sty)
(/usr/local/texlive/2026/texmf-dist/tex/generic/gettitlestring/gettitlestring.s
ty (/usr/local/texlive/2026/texmf-dist/tex/latex/kvoptions/kvoptions.sty)))
(/usr/local/texlive/2026/texmf-dist/tex/latex/etoolbox/etoolbox.sty)
(/usr/local/texlive/2026/texmf-dist/tex/generic/stringenc/stringenc.sty)
(/usr/local/texlive/2026/texmf-dist/tex/latex/hyperref/pd1enc.def)
(/usr/local/texlive/2026/texmf-dist/tex/generic/intcalc/intcalc.sty)
(/usr/local/texlive/2026/texmf-dist/tex/latex/hyperref/puenc.def)
(/usr/local/texlive/2026/texmf-dist/tex/latex/url/url.sty)
(/usr/local/texlive/2026/texmf-dist/tex/generic/bitset/bitset.sty
(/usr/local/texlive/2026/texmf-dist/tex/generic/bigintcalc/bigintcalc.sty)))
(/usr/local/texlive/2026/texmf-dist/tex/latex/hyperref/hpdftex.def
(/usr/local/texlive/2026/texmf-dist/tex/latex/rerunfilecheck/rerunfilecheck.sty

(/usr/local/texlive/2026/texmf-dist/tex/generic/uniquecounter/uniquecounter.sty
))) (/usr/local/texlive/2026/texmf-dist/tex/latex/booktabs/booktabs.sty)
(/usr/local/texlive/2026/texmf-dist/tex/latex/parskip/parskip.sty)
(/usr/local/texlive/2026/texmf-dist/tex/latex/titlesec/titlesec.sty)
(/usr/local/texlive/2026/texmf-dist/tex/latex/enumitem/enumitem.sty)
(/usr/local/texlive/2026/texmf-dist/tex/latex/float/float.sty)
(/usr/local/texlive/2026/texmf-dist/tex/latex/pgf/frontendlayer/tikz.sty
(/usr/local/texlive/2026/texmf-dist/tex/latex/pgf/basiclayer/pgf.sty
(/usr/local/texlive/2026/texmf-dist/tex/latex/pgf/utilities/pgfrcs.sty
(/usr/local/texlive/2026/texmf-dist/tex/generic/pgf/utilities/pgfutil-common.te
x)
(/usr/local/texlive/2026/texmf-dist/tex/generic/pgf/utilities/pgfutil-latex.def
) (/usr/local/texlive/2026/texmf-dist/tex/generic/pgf/utilities/pgfrcs.code.tex
(/usr/local/texlive/2026/texmf-dist/tex/generic/pgf/pgf.revision.tex)))
(/usr/local/texlive/2026/texmf-dist/tex/latex/pgf/basiclayer/pgfcore.sty
(/usr/local/texlive/2026/texmf-dist/tex/latex/pgf/systemlayer/pgfsys.sty
(/usr/local/texlive/2026/texmf-dist/tex/generic/pgf/systemlayer/pgfsys.code.tex
(/usr/local/texlive/2026/texmf-dist/tex/generic/pgf/utilities/pgfkeys.code.tex
(/usr/local/texlive/2026/texmf-dist/tex/generic/pgf/utilities/pgfkeyslibraryfil
tered.code.tex))
(/usr/local/texlive/2026/texmf-dist/tex/generic/pgf/systemlayer/pgf.cfg)
(/usr/local/texlive/2026/texmf-dist/tex/generic/pgf/systemlayer/pgfsys-pdftex.d
ef
(/usr/local/texlive/2026/texmf-dist/tex/generic/pgf/systemlayer/pgfsys-common-p
df.def)))
(/usr/local/texlive/2026/texmf-dist/tex/generic/pgf/systemlayer/pgfsyssoftpath.
code.tex)
(/usr/local/texlive/2026/texmf-dist/tex/generic/pgf/systemlayer/pgfsysprotocol.
code.tex)) (/usr/local/texlive/2026/texmf-dist/tex/latex/xcolor/xcolor.sty
(/usr/local/texlive/2026/texmf-dist/tex/latex/graphics-cfg/color.cfg)
(/usr/local/texlive/2026/texmf-dist/tex/latex/graphics/mathcolor.ltx))
(/usr/local/texlive/2026/texmf-dist/tex/generic/pgf/basiclayer/pgfcore.code.tex
(/usr/local/texlive/2026/texmf-dist/tex/generic/pgf/math/pgfmath.code.tex
(/usr/local/texlive/2026/texmf-dist/tex/generic/pgf/math/pgfmathutil.code.tex)
(/usr/local/texlive/2026/texmf-dist/tex/generic/pgf/math/pgfmathparser.code.tex
)
(/usr/local/texlive/2026/texmf-dist/tex/generic/pgf/math/pgfmathfunctions.code.
tex)
(/usr/local/texlive/2026/texmf-dist/tex/generic/pgf/math/pgfmathfunctions.basic
.code.tex)
(/usr/local/texlive/2026/texmf-dist/tex/generic/pgf/math/pgfmathfunctions.trigo
nometric.code.tex)
(/usr/local/texlive/2026/texmf-dist/tex/generic/pgf/math/pgfmathfunctions.rando
m.code.tex)
(/usr/local/texlive/2026/texmf-dist/tex/generic/pgf/math/pgfmathfunctions.compa
rison.code.tex)
(/usr/local/texlive/2026/texmf-dist/tex/generic/pgf/math/pgfmathfunctions.base.
code.tex)
(/usr/local/texlive/2026/texmf-dist/tex/generic/pgf/math/pgfmathfunctions.round
.code.tex)
(/usr/local/texlive/2026/texmf-dist/tex/generic/pgf/math/pgfmathfunctions.misc.
code.tex)
(/usr/local/texlive/2026/texmf-dist/tex/generic/pgf/math/pgfmathfunctions.integ
erarithmetics.code.tex)
(/usr/local/texlive/2026/texmf-dist/tex/generic/pgf/math/pgfmathcalc.code.tex)
(/usr/local/texlive/2026/texmf-dist/tex/generic/pgf/math/pgfmathfloat.code.tex)
) (/usr/local/texlive/2026/texmf-dist/tex/generic/pgf/math/pgfint.code.tex)
(/usr/local/texlive/2026/texmf-dist/tex/generic/pgf/basiclayer/pgfcorepoints.co
de.tex)
(/usr/local/texlive/2026/texmf-dist/tex/generic/pgf/basiclayer/pgfcorepathconst
ruct.code.tex)
(/usr/local/texlive/2026/texmf-dist/tex/generic/pgf/basiclayer/pgfcorepathusage
.code.tex)
(/usr/local/texlive/2026/texmf-dist/tex/generic/pgf/basiclayer/pgfcorescopes.co
de.tex)
(/usr/local/texlive/2026/texmf-dist/tex/generic/pgf/basiclayer/pgfcoregraphicst
ate.code.tex)
(/usr/local/texlive/2026/texmf-dist/tex/generic/pgf/basiclayer/pgfcoretransform
ations.code.tex)
(/usr/local/texlive/2026/texmf-dist/tex/generic/pgf/basiclayer/pgfcorequick.cod
e.tex)
(/usr/local/texlive/2026/texmf-dist/tex/generic/pgf/basiclayer/pgfcoreobjects.c
ode.tex)
(/usr/local/texlive/2026/texmf-dist/tex/generic/pgf/basiclayer/pgfcorepathproce
ssing.code.tex)
(/usr/local/texlive/2026/texmf-dist/tex/generic/pgf/basiclayer/pgfcorearrows.co
de.tex)
(/usr/local/texlive/2026/texmf-dist/tex/generic/pgf/basiclayer/pgfcoreshade.cod
e.tex)
(/usr/local/texlive/2026/texmf-dist/tex/generic/pgf/basiclayer/pgfcoreimage.cod
e.tex)
(/usr/local/texlive/2026/texmf-dist/tex/generic/pgf/basiclayer/pgfcoreexternal.
code.tex)
(/usr/local/texlive/2026/texmf-dist/tex/generic/pgf/basiclayer/pgfcorelayers.co
de.tex)
(/usr/local/texlive/2026/texmf-dist/tex/generic/pgf/basiclayer/pgfcoretranspare
ncy.code.tex)
(/usr/local/texlive/2026/texmf-dist/tex/generic/pgf/basiclayer/pgfcorepatterns.
code.tex)
(/usr/local/texlive/2026/texmf-dist/tex/generic/pgf/basiclayer/pgfcorerdf.code.
tex)))
(/usr/local/texlive/2026/texmf-dist/tex/generic/pgf/modules/pgfmoduleshapes.cod
e.tex)
(/usr/local/texlive/2026/texmf-dist/tex/generic/pgf/modules/pgfmoduleplot.code.
tex)
(/usr/local/texlive/2026/texmf-dist/tex/latex/pgf/compatibility/pgfcomp-version
-0-65.sty)
(/usr/local/texlive/2026/texmf-dist/tex/latex/pgf/compatibility/pgfcomp-version
-1-18.sty))
(/usr/local/texlive/2026/texmf-dist/tex/latex/pgf/utilities/pgffor.sty
(/usr/local/texlive/2026/texmf-dist/tex/latex/pgf/utilities/pgfkeys.sty
(/usr/local/texlive/2026/texmf-dist/tex/generic/pgf/utilities/pgfkeys.code.tex)
) (/usr/local/texlive/2026/texmf-dist/tex/latex/pgf/math/pgfmath.sty
(/usr/local/texlive/2026/texmf-dist/tex/generic/pgf/math/pgfmath.code.tex))
(/usr/local/texlive/2026/texmf-dist/tex/generic/pgf/utilities/pgffor.code.tex))

(/usr/local/texlive/2026/texmf-dist/tex/generic/pgf/frontendlayer/tikz/tikz.cod
e.tex
(/usr/local/texlive/2026/texmf-dist/tex/generic/pgf/libraries/pgflibraryplothan
dlers.code.tex)
(/usr/local/texlive/2026/texmf-dist/tex/generic/pgf/modules/pgfmodulematrix.cod
e.tex)
(/usr/local/texlive/2026/texmf-dist/tex/generic/pgf/frontendlayer/tikz/librarie
s/tikzlibrarytopaths.code.tex)))
(/usr/local/texlive/2026/texmf-dist/tex/generic/pgf/frontendlayer/tikz/librarie
s/tikzlibraryshapes.geometric.code.tex
(/usr/local/texlive/2026/texmf-dist/tex/generic/pgf/libraries/shapes/pgflibrary
shapes.geometric.code.tex))
(/usr/local/texlive/2026/texmf-dist/tex/generic/pgf/libraries/pgflibraryarrows.
meta.code.tex)
(/usr/local/texlive/2026/texmf-dist/tex/generic/pgf/frontendlayer/tikz/librarie
s/tikzlibrarypositioning.code.tex)
(/usr/local/texlive/2026/texmf-dist/tex/generic/pgf/frontendlayer/tikz/librarie
s/tikzlibraryfit.code.tex)
(/usr/local/texlive/2026/texmf-dist/tex/latex/adjustbox/adjustbox.sty
(/usr/local/texlive/2026/texmf-dist/tex/latex/xkeyval/xkeyval.sty
(/usr/local/texlive/2026/texmf-dist/tex/generic/xkeyval/xkeyval.tex
(/usr/local/texlive/2026/texmf-dist/tex/generic/xkeyval/xkvutils.tex)))
(/usr/local/texlive/2026/texmf-dist/tex/latex/adjustbox/adjcalc.sty)
(/usr/local/texlive/2026/texmf-dist/tex/latex/adjustbox/trimclip.sty
(/usr/local/texlive/2026/texmf-dist/tex/latex/collectbox/collectbox.sty)
(/usr/local/texlive/2026/texmf-dist/tex/latex/adjustbox/tc-pdftex.def))
(/usr/local/texlive/2026/texmf-dist/tex/latex/ifoddpage/ifoddpage.sty)
(/usr/local/texlive/2026/texmf-dist/tex/latex/varwidth/varwidth.sty)
==> First Aid for varwidth.sty applied!
) (/usr/local/texlive/2026/texmf-dist/tex/latex/l3backend/l3backend-pdftex.def)
 (./report.aux)
*geometry* driver: auto-detecting
*geometry* detected driver: pdftex
(/usr/local/texlive/2026/texmf-dist/tex/context/base/mkii/supp-pdf.mkii
[Loading MPS to PDF converter (version 2006.09.02).]
) (/usr/local/texlive/2026/texmf-dist/tex/latex/epstopdf-pkg/epstopdf-base.sty
(/usr/local/texlive/2026/texmf-dist/tex/latex/latexconfig/epstopdf-sys.cfg))
(./report.out) (./report.out)
Overfull \hbox (28.25969pt too wide) in paragraph at lines 40--40
 [][] 
[1{/usr/local/texlive/2026/texmf-var/fonts/map/pdftex/updmap/pdftex.map}]
Overfull \hbox (38.0494pt too wide) in paragraph at lines 144--149
\OT1/cmr/m/n/12 fires, a red card ap-pears nam-ing the fault class, the af-fect
ed en-tity (e.g. \OT1/cmtt/m/n/12 consumer[]group=my-app\OT1/cmr/m/n/12 ),
[2
pdfTeX warning (ext4): destination with the same identifier (name{figure.1}) ha
s been already used, duplicate ignored
<argument> ...shipout:D \box_use:N \l_shipout_box 
                                                  \__shipout_drop_firstpage_...
l.156     \item \textbf
                       {Kafka Broker} : KRaft cluster with the Prometheus]

! LaTeX Error: Not allowed in LR mode.

See the LaTeX manual or LaTeX Companion for explanation.
Type  H <return>  for immediate help.
 ...                                              
                                                  
l.190 ..., fill=orange!15] (sim)    {Simulation\\(
                                                  Docker Compose)};
! Missing } inserted.
<inserted text> 
                }
l.190 ..., fill=orange!15] (sim)    {Simulation\\(
                                                  Docker Compose)};

! Package tikz Error: Giving up on this path. Did you forget a semicolon?.

See the tikz package documentation for explanation.
Type  H <return>  for immediate help.
 ...                                              
                                                  
l.190 ..., fill=orange!15] (sim)    {Simulation\\(
                                                  Docker Compose)};
! Missing \endgroup inserted.
<inserted text> 
                \endgroup 
l.190 ..., fill=orange!15] (sim)    {Simulation\\(
                                                  Docker Compose)};
! Undefined control sequence.
<recently read> \tikz@expand@last@token@ 
                                         
l.190 ..., fill=orange!15] (sim)    {Simulation\\(
                                                  Docker Compose)};
! Missing number, treated as zero.
<to be read again> 
                   \let 
l.190 ..., fill=orange!15] (sim)    {Simulation\\(
                                                  Docker Compose)};
! Illegal unit of measure (pt inserted).
<to be read again> 
                   \let 
l.190 ..., fill=orange!15] (sim)    {Simulation\\(
                                                  Docker Compose)};
Missing character: There is no ( in font nullfont!
Missing character: There is no D in font nullfont!
Missing character: There is no o in font nullfont!
Missing character: There is no c in font nullfont!
Missing character: There is no k in font nullfont!
Missing character: There is no e in font nullfont!
Missing character: There is no r in font nullfont!
Missing character: There is no C in font nullfont!
Missing character: There is no o in font nullfont!
Missing character: There is no m in font nullfont!
Missing character: There is no p in font nullfont!
Missing character: There is no o in font nullfont!
Missing character: There is no s in font nullfont!
Missing character: There is no e in font nullfont!
Missing character: There is no ) in font nullfont!
! Extra }, or forgotten \endgroup.
l.190 ...] (sim)    {Simulation\\(Docker Compose)}
                                                  ;
Missing character: There is no ; in font nullfont!

! LaTeX Error: Not allowed in LR mode.

See the LaTeX manual or LaTeX Companion for explanation.
Type  H <return>  for immediate help.
 ...                                              
                                                  
l.191 ... right=of sim]  (db)     {metrics.db +\\l
                                                  abels.csv};
! Missing } inserted.
<inserted text> 
                }
l.191 ... right=of sim]  (db)     {metrics.db +\\l
                                                  abels.csv};

! Package tikz Error: Giving up on this path. Did you forget a semicolon?.

See the tikz package documentation for explanation.
Type  H <return>  for immediate help.
 ...                                              
                                                  
l.191 ... right=of sim]  (db)     {metrics.db +\\l
                                                  abels.csv};
! Missing \endgroup inserted.
<inserted text> 
                \endgroup 
l.191 ... right=of sim]  (db)     {metrics.db +\\l
                                                  abels.csv};
! Undefined control sequence.
<recently read> \tikz@expand@last@token@ 
                                         
l.191 ... right=of sim]  (db)     {metrics.db +\\l
                                                  abels.csv};
! Missing number, treated as zero.
<to be read again> 
                   \let 
l.191 ... right=of sim]  (db)     {metrics.db +\\l
                                                  abels.csv};
! Illegal unit of measure (pt inserted).
<to be read again> 
                   \let 
l.191 ... right=of sim]  (db)     {metrics.db +\\l
                                                  abels.csv};
Missing character: There is no l in font nullfont!
Missing character: There is no a in font nullfont!
Missing character: There is no b in font nullfont!
Missing character: There is no e in font nullfont!
Missing character: There is no l in font nullfont!
Missing character: There is no s in font nullfont!
Missing character: There is no . in font nullfont!
Missing character: There is no c in font nullfont!
Missing character: There is no s in font nullfont!
Missing character: There is no v in font nullfont!
! Extra }, or forgotten \endgroup.
l.191 ...sim]  (db)     {metrics.db +\\labels.csv}
                                                  ;
Missing character: There is no ; in font nullfont!

! LaTeX Error: Not allowed in LR mode.

See the LaTeX manual or LaTeX Companion for explanation.
Type  H <return>  for immediate help.
 ...                                              
                                                  
l.192 ...e!10, right=of db]   (feat)   {Feature\\E
                                                  xtraction};
! Missing } inserted.
<inserted text> 
                }
l.192 ...e!10, right=of db]   (feat)   {Feature\\E
                                                  xtraction};

! Package tikz Error: Giving up on this path. Did you forget a semicolon?.

See the tikz package documentation for explanation.
Type  H <return>  for immediate help.
 ...                                              
                                                  
l.192 ...e!10, right=of db]   (feat)   {Feature\\E
                                                  xtraction};
! Missing \endgroup inserted.
<inserted text> 
                \endgroup 
l.192 ...e!10, right=of db]   (feat)   {Feature\\E
                                                  xtraction};
! Undefined control sequence.
<recently read> \tikz@expand@last@token@ 
                                         
l.192 ...e!10, right=of db]   (feat)   {Feature\\E
                                                  xtraction};
! Missing number, treated as zero.
<to be read again> 
                   \let 
l.192 ...e!10, right=of db]   (feat)   {Feature\\E
                                                  xtraction};
! Illegal unit of measure (pt inserted).
<to be read again> 
                   \let 
l.192 ...e!10, right=of db]   (feat)   {Feature\\E
                                                  xtraction};
Missing character: There is no E in font nullfont!
Missing character: There is no x in font nullfont!
Missing character: There is no t in font nullfont!
Missing character: There is no r in font nullfont!
Missing character: There is no a in font nullfont!
Missing character: There is no c in font nullfont!
Missing character: There is no t in font nullfont!
Missing character: There is no i in font nullfont!
Missing character: There is no o in font nullfont!
Missing character: There is no n in font nullfont!
! Extra }, or forgotten \endgroup.
l.192 ...t=of db]   (feat)   {Feature\\Extraction}
                                                  ;
Missing character: There is no ; in font nullfont!

! LaTeX Error: Not allowed in LR mode.

See the LaTeX manual or LaTeX Companion for explanation.
Type  H <return>  for immediate help.
 ...                                              
                                                  
l.193 ...en!10, right=of feat](train)  {XGBoost\\T
                                                  raining};
! Missing } inserted.
<inserted text> 
                }
l.193 ...en!10, right=of feat](train)  {XGBoost\\T
                                                  raining};

! Package tikz Error: Giving up on this path. Did you forget a semicolon?.

See the tikz package documentation for explanation.
Type  H <return>  for immediate help.
 ...                                              
                                                  
l.193 ...en!10, right=of feat](train)  {XGBoost\\T
                                                  raining};
! Missing \endgroup inserted.
<inserted text> 
                \endgroup 
l.193 ...en!10, right=of feat](train)  {XGBoost\\T
                                                  raining};
! Undefined control sequence.
<recently read> \tikz@expand@last@token@ 
                                         
l.193 ...en!10, right=of feat](train)  {XGBoost\\T
                                                  raining};
! Missing number, treated as zero.
<to be read again> 
                   \let 
l.193 ...en!10, right=of feat](train)  {XGBoost\\T
                                                  raining};
! Illegal unit of measure (pt inserted).
<to be read again> 
                   \let 
l.193 ...en!10, right=of feat](train)  {XGBoost\\T
                                                  raining};
Missing character: There is no T in font nullfont!
Missing character: There is no r in font nullfont!
Missing character: There is no a in font nullfont!
Missing character: There is no i in font nullfont!
Missing character: There is no n in font nullfont!
Missing character: There is no i in font nullfont!
Missing character: There is no n in font nullfont!
Missing character: There is no g in font nullfont!
! Extra }, or forgotten \endgroup.
l.193 ...ight=of feat](train)  {XGBoost\\Training}
                                                  ;
Missing character: There is no ; in font nullfont!

! Package pgfkeys Error: I do not know the key '/tikz/box' and I am going to ig
nore it. Perhaps you misspelled it.

See the pgfkeys package documentation for explanation.
Type  H <return>  for immediate help.
 ...                                              
                                                  
l.194     \node[box, fill=red!10, right=of train]
                                                  (pkl)    {model.pkl};

! Package pgfkeys Error: I do not know the key '/tikz/arr' and I am going to ig
nore it. Perhaps you misspelled it.

See the pgfkeys package documentation for explanation.
Type  H <return>  for immediate help.
 ...                                              
                                                  
l.196     \draw[arr]
                     (sim)   -- (db);

! Package pgfkeys Error: I do not know the key '/tikz/arr' and I am going to ig
nore it. Perhaps you misspelled it.

See the pgfkeys package documentation for explanation.
Type  H <return>  for immediate help.
 ...                                              
                                                  
l.197     \draw[arr]
                     (db)    -- (feat);

! Package pgfkeys Error: I do not know the key '/tikz/arr' and I am going to ig
nore it. Perhaps you misspelled it.

See the pgfkeys package documentation for explanation.
Type  H <return>  for immediate help.
 ...                                              
                                                  
l.198     \draw[arr]
                     (feat)  -- (train);

! Package pgfkeys Error: I do not know the key '/tikz/arr' and I am going to ig
nore it. Perhaps you misspelled it.

See the pgfkeys package documentation for explanation.
Type  H <return>  for immediate help.
 ...                                              
                                                  
l.199     \draw[arr]
                     (train) -- (pkl);
! Undefined control sequence.
\pgfsys@call@end ->\pgfsys@end@save 
                                    \pgfsys@endscope 
l.200 \end{tikzpicture}
                       
! Missing } inserted.
<inserted text> 
                }
l.200 \end{tikzpicture}
                       
! Undefined control sequence.
\endpgfscope ...pgflinewidth =\pgfscope@linewidth 
                                                  \global \let \pgf@strokeco...
l.200 \end{tikzpicture}
                       
! Missing number, treated as zero.
<to be read again> 
                   \global 
l.200 \end{tikzpicture}
                       
! Illegal unit of measure (pt inserted).
<to be read again> 
                   \global 
l.200 \end{tikzpicture}
                       
! Missing } inserted.
<inserted text> 
                }
l.200 \end{tikzpicture}
                       
! Extra }, or forgotten \endgroup.
\endpgfpicture ...globally \endgroup \hss \egroup 
                                                  \pgf@restore@layerlist@fro...
l.200 \end{tikzpicture}
                       
! Missing } inserted.
<inserted text> 
                }
l.200 \end{tikzpicture}
                       
! Missing } inserted.
<inserted text> 
                }
l.200 \end{tikzpicture}
                       

Overfull \hbox (82.0891pt too wide) in paragraph at lines 200--200
[][][] 

! LaTeX Error: \begin{document} ended by \end{tikzpicture}.

See the LaTeX manual or LaTeX Companion for explanation.
Type  H <return>  for immediate help.
 ...                                              
                                                  
l.200 \end{tikzpicture}
                       
! Extra \endgroup.
\end  ...end#1\endcsname \@checkend {#1}\endgroup 
                                                  \UseHook {env/#1/after}\if...
l.200 \end{tikzpicture}
                       

! LaTeX Error: \begin{document} ended by \end{adjustbox}.

See the LaTeX manual or LaTeX Companion for explanation.
Type  H <return>  for immediate help.
 ...                                              
                                                  
l.201 \end{adjustbox}
                     
! Extra \endgroup.
\end  ...end#1\endcsname \@checkend {#1}\endgroup 
                                                  \UseHook {env/#1/after}\if...
l.201 \end{adjustbox}
                     

! LaTeX Error: \caption outside float.

See the LaTeX manual or LaTeX Companion for explanation.
Type  H <return>  for immediate help.
 ...                                              
                                                  
l.202 \caption
              {Offline training pipeline. One model is trained per fault cla...

! Undefined control sequence.
\caption ... \endcsname \fi \fi \@dblarg {\@tempf 
                                                  \@captype }
l.202 \caption
              {Offline training pipeline. One model is trained per fault cla...

! Undefined control sequence.
\caption ...e \fi \fi \@dblarg {\@tempf \@captype 
                                                  }
l.202 \caption
              {Offline training pipeline. One model is trained per fault cla...

! Too many }'s.
\@endfloatbox ...pagefalse \outer@nobreak \egroup 
                                                  \color@endbox 
l.204 \end{figure}
                  
! Extra \endgroup.
\color@endgroup ->\endgraf \@endpefalse \endgroup 
                                                  
l.204 \end{figure}
                  
! Too many }'s.
\color@endbox ->\color@endgroup \egroup 
                                        
l.204 \end{figure}
                  

! LaTeX Error: \begin{document} ended by \end{figure}.

See the LaTeX manual or LaTeX Companion for explanation.
Type  H <return>  for immediate help.
 ...                                              
                                                  
l.204 \end{figure}
                  
! Extra \endgroup.
\end  ...end#1\endcsname \@checkend {#1}\endgroup 
                                                  \UseHook {env/#1/after}\if...
l.204 \end{figure}
                  
[3{/usr/local/texlive/2026/texmf-dist/fonts/enc/dvips/cm-super/cm-super-ts1.enc
}]

! LaTeX Error: Not allowed in LR mode.

See the LaTeX manual or LaTeX Companion for explanation.
Type  H <return>  for immediate help.
 ...                                              
                                                  
l.253 ...x, fill=gray!15]   (db)    {metrics.db\\(
                                                  last 100s)};
! Missing } inserted.
<inserted text> 
                }
l.253 ...x, fill=gray!15]   (db)    {metrics.db\\(
                                                  last 100s)};

! Package tikz Error: Giving up on this path. Did you forget a semicolon?.

See the tikz package documentation for explanation.
Type  H <return>  for immediate help.
 ...                                              
                                                  
l.253 ...x, fill=gray!15]   (db)    {metrics.db\\(
                                                  last 100s)};
! Missing \endgroup inserted.
<inserted text> 
                \endgroup 
l.253 ...x, fill=gray!15]   (db)    {metrics.db\\(
                                                  last 100s)};
! Undefined control sequence.
<recently read> \tikz@expand@last@token@ 
                                         
l.253 ...x, fill=gray!15]   (db)    {metrics.db\\(
                                                  last 100s)};
! Missing number, treated as zero.
<to be read again> 
                   \let 
l.253 ...x, fill=gray!15]   (db)    {metrics.db\\(
                                                  last 100s)};
! Illegal unit of measure (pt inserted).
<to be read again> 
                   \let 
l.253 ...x, fill=gray!15]   (db)    {metrics.db\\(
                                                  last 100s)};
Missing character: There is no ( in font nullfont!
Missing character: There is no l in font nullfont!
Missing character: There is no a in font nullfont!
Missing character: There is no s in font nullfont!
Missing character: There is no t in font nullfont!
Missing character: There is no 1 in font nullfont!
Missing character: There is no 0 in font nullfont!
Missing character: There is no 0 in font nullfont!
Missing character: There is no s in font nullfont!
Missing character: There is no ) in font nullfont!
! Extra }, or forgotten \endgroup.
l.253 ...y!15]   (db)    {metrics.db\\(last 100s)}
                                                  ;
Missing character: There is no ; in font nullfont!

! LaTeX Error: Not allowed in LR mode.

See the LaTeX manual or LaTeX Companion for explanation.
Type  H <return>  for immediate help.
 ...                                              
                                                  
l.254 ...ue!10, right=of db]   (feat)  {Feature\\E
                                                  xtraction};
! Missing } inserted.
<inserted text> 
                }
l.254 ...ue!10, right=of db]   (feat)  {Feature\\E
                                                  xtraction};

! Package tikz Error: Giving up on this path. Did you forget a semicolon?.

See the tikz package documentation for explanation.
Type  H <return>  for immediate help.
 ...                                              
                                                  
l.254 ...ue!10, right=of db]   (feat)  {Feature\\E
                                                  xtraction};
! Missing \endgroup inserted.
<inserted text> 
                \endgroup 
l.254 ...ue!10, right=of db]   (feat)  {Feature\\E
                                                  xtraction};
! Undefined control sequence.
<recently read> \tikz@expand@last@token@ 
                                         
l.254 ...ue!10, right=of db]   (feat)  {Feature\\E
                                                  xtraction};
! Missing number, treated as zero.
<to be read again> 
                   \let 
l.254 ...ue!10, right=of db]   (feat)  {Feature\\E
                                                  xtraction};
! Illegal unit of measure (pt inserted).
<to be read again> 
                   \let 
l.254 ...ue!10, right=of db]   (feat)  {Feature\\E
                                                  xtraction};
Missing character: There is no E in font nullfont!
Missing character: There is no x in font nullfont!
Missing character: There is no t in font nullfont!
Missing character: There is no r in font nullfont!
Missing character: There is no a in font nullfont!
Missing character: There is no c in font nullfont!
Missing character: There is no t in font nullfont!
Missing character: There is no i in font nullfont!
Missing character: There is no o in font nullfont!
Missing character: There is no n in font nullfont!
! Extra }, or forgotten \endgroup.
l.254 ...ht=of db]   (feat)  {Feature\\Extraction}
                                                  ;
Missing character: There is no ; in font nullfont!

! LaTeX Error: Not allowed in LR mode.

See the LaTeX manual or LaTeX Companion for explanation.
Type  H <return>  for immediate help.
 ...                                              
                                                  
l.255 ...n!10, right=of feat](models){5 XGBoost\\M
                                                  odels};
! Missing } inserted.
<inserted text> 
                }
l.255 ...n!10, right=of feat](models){5 XGBoost\\M
                                                  odels};

! Package tikz Error: Giving up on this path. Did you forget a semicolon?.

See the tikz package documentation for explanation.
Type  H <return>  for immediate help.
 ...                                              
                                                  
l.255 ...n!10, right=of feat](models){5 XGBoost\\M
                                                  odels};
! Missing \endgroup inserted.
<inserted text> 
                \endgroup 
l.255 ...n!10, right=of feat](models){5 XGBoost\\M
                                                  odels};
! Undefined control sequence.
<recently read> \tikz@expand@last@token@ 
                                         
l.255 ...n!10, right=of feat](models){5 XGBoost\\M
                                                  odels};
! Missing number, treated as zero.
<to be read again> 
                   \let 
l.255 ...n!10, right=of feat](models){5 XGBoost\\M
                                                  odels};
! Illegal unit of measure (pt inserted).
<to be read again> 
                   \let 
l.255 ...n!10, right=of feat](models){5 XGBoost\\M
                                                  odels};
Missing character: There is no M in font nullfont!
Missing character: There is no o in font nullfont!
Missing character: There is no d in font nullfont!
Missing character: There is no e in font nullfont!
Missing character: There is no l in font nullfont!
Missing character: There is no s in font nullfont!
! Extra }, or forgotten \endgroup.
l.255 ...right=of feat](models){5 XGBoost\\Models}
                                                  ;
Missing character: There is no ; in font nullfont!
! Undefined control sequence.
\pgfsys@call@end ->\pgfsys@end@save 
                                    \pgfsys@endscope 
l.263 \end{tikzpicture}
                       
! Missing } inserted.
<inserted text> 
                }
l.263 \end{tikzpicture}
                       
! Undefined control sequence.
\endpgfscope ...pgflinewidth =\pgfscope@linewidth 
                                                  \global \let \pgf@strokeco...
l.263 \end{tikzpicture}
                       
! Missing number, treated as zero.
<to be read again> 
                   \global 
l.263 \end{tikzpicture}
                       
! Illegal unit of measure (pt inserted).
<to be read again> 
                   \global 
l.263 \end{tikzpicture}
                       
! Missing } inserted.
<inserted text> 
                }
l.263 \end{tikzpicture}
                       

Overfull \hbox (106.70572pt too wide) in paragraph at lines 246--263
 [][] 

! LaTeX Error: \begin{figure} on input line 244 ended by \end{tikzpicture}.

See the LaTeX manual or LaTeX Companion for explanation.
Type  H <return>  for immediate help.
 ...                                              
                                                  
l.263 \end{tikzpicture}
                       
! Missing } inserted.
<inserted text> 
                }
l.263 \end{tikzpicture}
                       

! LaTeX Error: \begin{itemize} on input line 213 ended by \end{adjustbox}.

See the LaTeX manual or LaTeX Companion for explanation.
Type  H <return>  for immediate help.
 ...                                              
                                                  
l.264 \end{adjustbox}
                     

! LaTeX Error: \caption outside float.

See the LaTeX manual or LaTeX Companion for explanation.
Type  H <return>  for immediate help.
 ...                                              
                                                  
l.265 \caption
              {Runtime inference pipeline, repeated every 10 seconds.}
! Undefined control sequence.
\caption ... \endcsname \fi \fi \@dblarg {\@tempf 
                                                  \@captype }
l.265 \caption
              {Runtime inference pipeline, repeated every 10 seconds.}
! Undefined control sequence.
\caption ...e \fi \fi \@dblarg {\@tempf \@captype 
                                                  }
l.265 \caption
              {Runtime inference pipeline, repeated every 10 seconds.}
! Too many }'s.
\@endfloatbox ...pagefalse \outer@nobreak \egroup 
                                                  \color@endbox 
l.267 \end{figure}
                  
! Extra \endgroup.
\color@endgroup ->\endgraf \@endpefalse \endgroup 
                                                  
l.267 \end{figure}
                  
! Too many }'s.
\color@endbox ->\color@endgroup \egroup 
                                        
l.267 \end{figure}
                  

! LaTeX Error: \begin{document} ended by \end{figure}.

See the LaTeX manual or LaTeX Companion for explanation.
Type  H <return>  for immediate help.
 ...                                              
                                                  
l.267 \end{figure}
                  
! Extra \endgroup.
\end  ...end#1\endcsname \@checkend {#1}\endgroup 
                                                  \UseHook {env/#1/after}\if...
l.267 \end{figure}
                  
[4
pdfTeX warning (ext4): destination with the same identifier (name{table.1}) has
 been already used, duplicate ignored
<argument> ...shipout:D \box_use:N \l_shipout_box 
                                                  \__shipout_drop_firstpage_...
l.327 
      ] [5] (./report.aux) )
(see the transcript file for additional information)</usr/local/texlive/2026/te
xmf-dist/fonts/type1/public/amsfonts/cm/cmbx12.pfb></usr/local/texlive/2026/tex
mf-dist/fonts/type1/public/amsfonts/cm/cmr10.pfb></usr/local/texlive/2026/texmf
-dist/fonts/type1/public/amsfonts/cm/cmr12.pfb></usr/local/texlive/2026/texmf-d
ist/fonts/type1/public/amsfonts/cm/cmr6.pfb></usr/local/texlive/2026/texmf-dist
/fonts/type1/public/amsfonts/cm/cmti12.pfb></usr/local/texlive/2026/texmf-dist/
fonts/type1/public/amsfonts/cm/cmtt12.pfb></usr/local/texlive/2026/texmf-dist/f
onts/type1/public/cm-super/sfrm1200.pfb>
Output written on report.pdf (5 pages, 106516 bytes).
Transcript written on report.log.
